// Jest Snapshot v1, https://goo.gl/fbAQLP

exports[`renders without crashing 1`] = `
<div
  className="App"
>
  <Navbar />
  <div
    className="container"
  >
    <AddTodo
      addTodo={[Function]}
    />
    <Todos
      delTodo={[Function]}
      markComplete={[Function]}
      todos={Array []}
    />
  </div>
</div>
`;
